
_
 - Ostrich Hunters
 $3 billion drone plan
 )&#12559
 158 h.3 n. and
 228.1 h.1
 2-issue set (2001) Comic Books Online
 399 - Ustimenko Svetlana Mikhailovna - 26.7.2017 - Cases.legal
 70 h.1 - Marugin Vladimir Vasilevich - 3.8.2017 - Cases.legal
 Afghan handover
 and a bit more
 and lots more
 Army gets a new leader
 Ash Carter repeats himself
 Assad reclaims ground
 Bergdahl’s lawyer wants medals
 billions more for Cyber
 BlackHat & Defcon 2012
 Bowe Bergdahl decision coming soon, but fight might not be over
 C-130 down in Afghanistan, and lots more
 changes for the Army
 Chinese laser guns
 Chinese ships cozy up to U.S. drones
 Chinese troops told to keep quiet
 }[/code]
 Congress finally jumps into wartime intel investigation
 cool new drone tech
 defense budget coming Tuesday
 drone base in Niger under construction
 drones in Jordan
 fighting continues in Ramadi
 former DoD official speaks out
 FP podcast info. - presented by University of Massachusetts Lowell
 fresh details on Washington’s outreach to Assad
 Friends Notebook Online
 Gitmo fight looming
 Gitmo plan is MIA
 Gitmo slowly clearing out
 Green Beret gets reprieve
 hacking unhackable apps
 Hillary drops her own security plan
 India comes to the Pentagon
 Iran fires up
 Iranian kamikaze drones
 Iraqis think Washington supports ISIS
 ISIS hit Tunisia
 ISIS hits Baghdad
 Islamic State targets Europe - presented by University of Massachusetts LowellSituation Report: State and Pentagon talk
 Krug, Francisco José
 Kunduz fight rages on
 lots of foreign military sales in 2015
 Machine Learning
! Merci pour votre support!
 milestone in Iranian nuke program
 missing Americans in Baghdad
 molecular tools: free download. Ebooks library. On-line books store on Z-Library
 more bombs for Middle East allies
 Moscow, Washington look for common ground
 MSF pushing for new investigation into Kunduz attack
 multiple takes on war in Syria
 NATO looks south
 Navy leader comes under fire for gender-neutral plans
 neuropsicología
 new Afghan plans
 new American campaign to hit ISIS oil fields
 new commando chief named
 new Kunduz accusations
 new U.S. military commanders on the way
 Nico, Salmaso | download
 North Korea blowing up its own rockets
 padding: 0px
 Petraeus backstory
 plan #318e
 plan #318e | explain.depesz.com
 plan #5KCw | explain.depesz.com
 plan #6Han | explain.depesz.com
 plan #944
 plan #944 | explain.depesz.com
 plan #Dspg | explain.depesz.com
 plan #KxCP
 plan #KxCP | explain.depesz.com
 plan #l9bM | explain.depesz.com
 plan #lHTr | explain.depesz.com
 plan #pGBh
 plan #pGBh | explain.depesz.com
 plan #QK8r
 plan #QK8r | explain.depesz.com
 plan #S9qF
 plan #S9qF | explain.depesz.com
 plan #tsDx | explain.depesz.com
 plan #yE0M
 plan #yE0M | explain.depesz.com
 plan #Ykdy | explain.depesz.com
 Preparing the unprepared enterprise (red teaming, testing defenses)
 Putin admits troops in Ukraine
 Putin’s popularity
 robot skin gets creepy
 Russia possibly upping effort in Syria
 Russia readying airstrikes in Syria
 Russia stands up new tank units
 SecDef’s personnel problem
 Special Ops active in Helmand
 Syria deal inching closer
 Syria in middle of drug boom
 Syria keeps falling apart
 Syrian death toll disputed
 Syrian government wins one
 Syrian Kurds eating up territory
 Syrian militant dead
 Taiwan and China spar
 the U.N. wants peace talks
 Turks bomb Kurds in Iraq
 U.N. flags ISIS in Libya
 U.N. showdown
 US aircraft carriers vacate Arabian Gulf, parade near Japan
 U.S. Navy skirts Chinese claims
 U.S. officials hawkish on Russia
 U.S. support for Uganda
 Washington and Moscow still not speaking over airstrikes
 watchdog finds more U.S. waste in Afghanistan
 what did U.S. forces know in Kunduz
 what Sinjar has hidden
 White House misses deadline
 ломбард
%20Ingwersen,%20Jorn/
%20Ingwersen,%20Jorn/?C=D%3BO%3DA
%20Ingwersen,%20Jorn/?C=S%3BO%3DA
&#39
&#769
8
9
account
actor
admin
_a_hedonistic_evening
air
alien
amlo
animal
anon
antiforen
antimalwa
&apos
apos
apple
arma
assassin
atacante
atacar
atm
aws
azure
ball
banana
banco
Bancomer
/bani/
bank
Banorte
BaZ
beans
bin
BIN
bitcoin
blog
blood
BoFa
bombs
bone
book
bot
box
brazzer
bread
break
brick
browser
btc
bubble
bulling
burger
but d'une aventure!
cajero
cake
candies
candle
car
card
cards
carrot
cartel
cash
Catholic
CC
ccs
cellphone
certifica
channel
chat
check
chemistry
chicas
chicos
child
chocolate
church
ciencia
cipher
Citi
ciudad
clay
clock
cloud
clown
cocktail
code
coffee
coke
cold
commandli
community
computado
computer
confident
Conspiracy
corridor
cost
countrie
countries
covert
covid
cow
creature
credencial
credentia
credit
credito
creds
creed
crypto
curis&eacute
cvv
cvv2
cyberinte
cybersecu
cypher
dance
dark
dealer
death
defcon
diamonds
dictionary
directory
discord
disney
docker
dollar
dragon
drink
droga
drop
drug
drugs
e: Web / Phony app / Exploits / Crypto / Crackme / Quizz / Data mining
Elektra
encrypt
enfermedad
espanol
espiar
/espichan/
espionage
ethereum
experimen
exploit
eyJpdiI6IitDU015TnJoN1M4NHRCQlZrWndUNGc9PSIsInZhbHVlIjoiV3pDOUxSSDlmbXArb28ydHUycDNzZ0xLbWpSRFkzaTRmRjhhOGZzaGxhQzFwQms4ejdObWlGaENnTGhZeTBBSUVsMGg2czBPVnBXQ2t2TTFhREJPbHVydzlEM2tnWnhqZjd3RGpFXC9aXC9WS2lSejI3SkcyME55bGVYdEM4TGk5dSIsIm1hYyI6IjY3YmNmMDQyMTQ2NTZhMGY4YTc1OTBkNjY1ZDQ2YWE2ZmUyOTY0NzlmZTdlNTcyODFiYzMwZmVmNGVkNWJmMjEifQ==
eyJpdiI6IjdNRzNHbUs4ZnJtNks3UFVJVFpTQ0E9PSIsInZhbHVlIjoib1JnOGZldzU4U3BBNUtpUEZuNlY4WU5HRlFsTW9cL2NaV29jdjdQNUQxZ0J0ZHpWVjh0NnY3MjVuRGpWYzI3ekpFd0kyYTFWaDN1UGNLbGJPRjZrYlpGZVZNendOWWJnaldiQWZ3U1FJR3I1bmFEYUl1c3BQUXhGSjdQdVwvMW1ITiIsIm1hYyI6Ijk0ZGNhYzA2OWIzM2FkMDFkZWZjYjc2NTJkZTZmNGVlNzZiOWI2OGY5OTEyMGIyYzQ4YzEwMDNhY2ZjY2JjNWEifQ==
eyJpdiI6IjZISmZ2dVRIb0YrTkRRVTJuYkl4MVE9PSIsInZhbHVlIjoiR0hSMHZTa3gzSGFIR0tLUUk1XC9EUVdFOFdHYk50a3B5dGFtbVZ2YTg0SzB3cUVwVkVhbjhmbEJTZEFON3RHTUxLdkhBdG01UnplUWx3VW12Smtxd3JUM2FkUmdWQUdJQnBYRTdjc1VQUXdVeGoyZnM4K3V1UnROV1l3TW5PWGpIIiwibWFjIjoiMjk1NjA5OTRmNDkwZTc5NmM1YWNjZmM3ZmViNTQ1Mzk4NDQ4YTIzYTQ3MGE4MGVhYzYzZDBiN2JlNGNmMWMwYyJ9
eyJpdiI6Ik8ra2VVWFBocFUwTEh5N3JMM0ZTQ1E9PSIsInZhbHVlIjoiNzBld0JIVDZ2NGRTYXZaXC9iYVJpdGhIMWlXSkZ1YXBZeUE4NGhXZjNBOXQ1WGF2R2czWXVucUN5VE55ek5jY29QUmpWcEZRRTJcL2F0ZlpURnpSUVlla2FjbTV4SUJ5d0hoemh5bnpFQ0xUVT0iLCJtYWMiOiIwZjcwZTlkODZkYjdmYzEyZWM3YTU4M2UyYzcxZTVjYmFiNTk4YzFhMWE4Nzc0OWFkZGZjZGQxZDM4NDRkMTNiIn0=
eyJpdiI6Ik9FZEU4RHNCS09BZjMzRm80UlljQUE9PSIsInZhbHVlIjoiOFwvNHFnUkcrbTA4b2U4MUZaZnRcL1p6STlrMzhDYURnRU9OSDhXZEJLek0wQUxJcVhtWjErXC9DZW82UDh3NWJYVjQ2dFVGbTlmQmx0XC9QVXFDTWZ6WlZLTFFZZXJhXC84SWJKdFZzTWZ5YjZRWWJPZzFpNWNKRlM5MkJsaUJYT2xEcCIsIm1hYyI6ImYxNDg3Nzg5MDExZTMzYTA3NTBmMTg2NWE4Y2RjYjI0ZDM3NDcyYjU2ODZmOTAxNGFlMDJlMmYwZTZmNmZiYzAifQ==
eyJpdiI6Ik9IMWNMYUVLOWJXNjVCT1BlMkhjU0E9PSIsInZhbHVlIjoid1lGQVRhcmZMWGVFQkxuK1RMV0RJUm1rTVdhOHFoSjlpSXJqbHhLNWMrYk1WRERwXC80cWhLUjEwUk1UNTk4TzhcL0dVbnUyaDU3d2E3RlRNdmhNWE5DWE1GVTRRQmZnRGZvdTdHVGpIOFlcLzJQUEMxdGhBTTRieDQxd0hyYW1YZTciLCJtYWMiOiJmNzg4MzgxNDI5ODAzOGZlYjA5ZTI0ZmExNDMwMDA2NzJiNjA5NzQzODAzMmM4NWZlZTlhNDg4Y2YyYzE1ZTMyIn0=
eyJpdiI6Ik9razhtVEJjQ0dWaVlRSGxOWkNpTnc9PSIsInZhbHVlIjoic1wvR29ja3BJK1JpZWt2a2tkTHMyWHhkV1VGdzZqY3lZWGIzY2dneFcwemw1SXVWXC9IbGR1cDFnRmtBQVNmSnhwNDg2a2RUN0lKdzRkbUp0aUxLcUVlVlhjWm1uS2N6YkEwRE9lZHR6TzV5OGtzY1dNMEV3RXJJYTJNZ3R3TUw0QyIsIm1hYyI6IjFmMWRhNWQ4NTcyMzlmYTJiYTBhY2YyZDFlN2YwODJiYmZlYWMzY2U1OThjOGJiZTQwYzIyZDA2NTJiOGQyNjQifQ==
eyJpdiI6IkE1YW9qYnZDWlppQXJYdW5GZFwvanVRPT0iLCJ2YWx1ZSI6Im1wWDRUd1ZXR1B4a0U2b2dNNkZVS3JkV1F3WnM0bmdiNEtySDF0bmcxNWdkVjVZVUY2ODVDRVwvZDVGd2JYTkpjeHdOZTZlTmZIZGczcGphKzFzMlhnaDBjajk2RlhMUDE2a3hCUlwvRWpMWTZLT2QrQkh3SEE0UklLa0d6RkJHeWQiLCJtYWMiOiI4OGM3NWRmN2E4Mjk1NTYxYTRjMDMwNjdjOWNiZmIzOTlhYzNlY2Y3MmI5NWE5Y2ZjOTA0YmNkODFmYjdkM2ViIn0=
eyJpdiI6IkN5bXJlTXdxTDBkaDZ1NHpmUmtiRlE9PSIsInZhbHVlIjoiOVByQnhQNXNrYU15UW5Jc09LMGZFRDUrZXM2SFlseEVVcEJmdHBsdzlOTExwNEJoWHh1Q3l2MERqWktyZGNyR1VLTnloTGY4OFwvSXp3QmNseFp3NWtGZVhQS0ZGYkpRdms5MllnWVM1d0d6MjRMSm5cL1ZlcmhBOUZiQUhtQ24wYyIsIm1hYyI6IjU1MDBmMDFlNmU4ZDVlNTFkNDJlNWJmOThjOWE5MGQ1MjFiMzllNjE3ZTc2NDQ2NjU5MGFlMmU5ZGQ1NTVkNzcifQ==
eyJpdiI6IkQrUTRqQURaMTV2MzgxWlk0anFQQkE9PSIsInZhbHVlIjoiN001U2x4U1hQS3hSSDVyNTVqRUtFKytnV1wvN3ZnbnozajZ6empESU54SXI2Rks0TlFvWHRqVWt5QmhudEtXUmJIcFcxWGh2eXhlZ1hnc3RCZWt3U0V4MzFpQ1wvb2J3NjRHN2wwenpZUzlYcFNhMWN1ajFMV2RpV1JEV3NNVVdmRCIsIm1hYyI6IjYzMThkYmI3MDA0MTlhZThkZDk2MTYzMWMwODJkNGM2Mjg2ZDNmNDM3YTkxNmRiYTJhYWUwNWMzMjhhZTNjMjEifQ==
eyJpdiI6IkRIR3lnQjEwczN0czROeGJpdmxmUWc9PSIsInZhbHVlIjoiWWV5NU5sa0NPSjZMWWRWUnFHR1ZqSEZKWFY5QVI0VnZpalQyQ0lMXC9nc2RYa2d3WEtqaWN3UXlqcCtNSzRINVAweDdyVWZ5cmN1ejBDV3diRnpwTWk2SWZuSnNxYjVXK0hLaXFJSEw2MEdxK1pia1RwVmFcL3RBZmJEWUtjaEl0RSIsIm1hYyI6IjY1MmZjNTEzODFiOWMzZjRjZDhjY2Q3NTZiMGQ3NDdmYTdiODBiNTY0MWFmNzRhYjdiMmU3ZmVlMDRhNjhhMmYifQ==
eyJpdiI6IkVkWE1ERmZmNzBZSUhMaExzblAxRFE9PSIsInZhbHVlIjoiYVQ2YVBOZmVLS1wvNnZhU0owWWZJQzhXUzg4NEhqK3ZqeHRlWTFpaGNQbU1jM1NcL0dLV25pRkpSaGZYa1Y4VG1nYmJESEg2K1doZkZMK3JaRUdzRVpZWURkSDQ2bXNja1F0Y2JacTBnNnVYWFhmRm1aKzJROXI3Q2ZjTXNiRUxHciIsIm1hYyI6IjY1M2Q4MjdjYjUwN2ZmYWRmNGUxZmJjNDY2MWE1YTZkODUwYzg3ZTFiYzc3OTExNjViZjEzZjI0ZTM5YzNhYjUifQ==
eyJpdiI6IldVcDZOdlV1WlE5UVY1b1wvZ2M4MWxnPT0iLCJ2YWx1ZSI6Ik9kTkVUazZtV1Z0b1ZFbTBIM1J6RzJ1XC9CT203ZUVDRm9XMWs3cEpBSkNuNUtqeVl0Tk1uQ2FUcDBrQmRpbnRha2gyVHc3QTc0SVNsYVcyYTgwbCtrWFYrQWpWZmhsQ2pXTFwvMG1ZZ3pmMDZlb3VlMWRIK3J2ZmJJcmpiYlNjRlAiLCJtYWMiOiIyY2IxOGI0ZDgyYjBiYmYzNmRkNDg5NDRhY2Q2YzM1YTZlMTdmYzYzMTA1NDUzODE3ZWFlNjhlZjhkZmNhYjhiIn0=
eyJpdiI6IlhsVHJkUWJRTlBjeDg2YlZmVHRKOVE9PSIsInZhbHVlIjoiNjBEWTBrRHNyRFl2MDZDRjRYYlYxWFB6MmQ1d2x3bTVUc3BDUmFmVURsYlV3WndoMzVRVWZpM3lXTVFNWHFFZzVzVXVLY1dJYytVbWVWM2h3RDJ5dFRoankyaVJud3I4MkFHNTZqS1gyZWRBYmQ0NmRrZGk2S1wvbzhnRE5La1FcLyIsIm1hYyI6ImMxZWI0YTkxM2VlMDZkOWFlOWI5NTJkYmNkMDE3NTUzNDJmOWRiZGVjOWI3NjgwMTBhYzdiZDJkOTUzYTM0Y2QifQ==
eyJpdiI6IlkxeTQ5T3c1TjVoMEgxYU44THROMlE9PSIsInZhbHVlIjoiK1RxcFc3Y2psSVI3aXNzWnN2MEgxbUs0TnU0TENtQkloT3NKc2h4clZtT3MwTFBOalFKKzZOZk5DdjExcmgzVnJVMFZ4emUwRkk3emJyQ2poUTcxZ25ObkptUEZrUGdaRXVxdFVmWU50dWlNa0M4N3pxeTNCVGN5dERRTXhkemMiLCJtYWMiOiJhMjRhODI4YTQyMjdkNzc4MzdkZTU4ZmIzZDViYmZlODExMTc2MDE2OWQyNTQwYzFkNDBhZDA1NDU3NzllZmRhIn0=
eyJpdiI6IlpGK2h4UjZNYmtkZzdqRkVuKzRCNHc9PSIsInZhbHVlIjoiQnlQMzNVQWdQMUFad2hGbmJpdG9ac0RVRFRVMllzeVdlODJtaFpYdGJiaVBLbkZMWHVhM0orNFd4aGlLV2VxeEN4S2dmNjFRNERqaG5Tb3ZtVXI0WXR2dk45MkxSZjRVdWM4czk2cUgxelVCUUt5S2dxRzl5S1JZcmxvS0Jod3AiLCJtYWMiOiI2OTM1YWY0NGNiMGY3OTYzYmUzMzE2Njg1NWI1MGI2NjQzY2NhODQ5MzVkYTNmZTBkNWZlODI5MDc5NTkyZTI1In0=
eyJpdiI6IlpIMmlBVTliTGpENVRIYUlERHRqcnc9PSIsInZhbHVlIjoiVDhySHpVQ0daQ2IzSHdrQ0N3TVc2VXFcL2gzSXFWTWIwOGJRQkpmdjZhdjlTYk9iTkpmcFEwb3BySis1Y2J6WG1paEtUdlV5SEFUWnVsY3h6MmRNa0hoQjZFUzBmRHpaMzArWjFEQjVlSXJwWFB2TUxWeUd6QWxxUkd2YmZuWFhBIiwibWFjIjoiZGMxNTMyNmJiM2Y1ODQyMzY3MGEzZTA4NGU4YWQ5NjIxZDM3OWUxNjUxMGZkZDI0YTg3ZTcxOWJhOTM2Y2NiNiJ9
eyJpdiI6IlROdzY1Y0lrVDh1XC9pZGoxbmNZM3ZnPT0iLCJ2YWx1ZSI6IkNjN1ZSbDJlTlJmSE5FcG9lVCsxaEw3TWRSN20xRXlla3NmZkJUOSsxbUJcLzFBQlwvV0FGY2haNTdzVk55T2hhdm10RCtUU0k2ZlcycEdGb1dLMkNEeWpGRUphK2IyQlVnTGNsOFBESkxvK3pOYzltQlAzS0tVNVY0VWJVR1NSXC80IiwibWFjIjoiNzMyZDQxZjE4MTJiZGFlNjc0OTAzMjE4OGIwMGU2NWZkYWZmYWQ3NGFkNDg0MjAwZjI4ZDBhMTcwZWVhZWUxMCJ9
eyJpdiI6IlZwZXBMKzdwYmVGK2pQTWJRM0hQeFE9PSIsInZhbHVlIjoicDlQTGdJMFZiZnMydHRhRFN2bERENUFXYW5GMXFidFVROEtRMXlTOTFnQ2QrTUt4SHhOc2FNYjNPb3FrMVZ5aXlOQm5lNld6KzN1cVlMTlBvMFNhUHVsaXd2bzY5c2M4TU5IR0VkeTVRXC9HUWNEZjNiNnZxWUlkamZ2c3d0dXBvIiwibWFjIjoiMGIyZWMzZmQ0Y2I1MjIzNWMzZjY2NWI0NWYzOTRhMGNiZjEzYzlhOGU4ODA0ZTVlYjQ4ZmMxODQzYjg1YzE0NyJ9
eyJpdiI6Im9pYVwvNkZQd1crcERkQ050Vlh6elN3PT0iLCJ2YWx1ZSI6IlBGUHRscjA1a21vVWtHZFVCWnFcLzk0QTA5YTVCUzNjaWVvbjVtRnQ3VjNhTEhNS1BGWWtKRk5xM2ZVenNXNmluNTNGZmhmdjRHSjZhRkhYY1dYZE9DYkNmbHFLTjJUSk1hNEd4Uk9pbmdcLzQ2amkxa3hLUkxrVlYrXC9UOTlTdVg3IiwibWFjIjoiOTUwNjBkZTRmNjA2NDZkNzdkMzUzZWFjYzE5ZmEwZjlhMzRhYTVmNmNiMDY1NzFlYTY3ZTQ0ZWE3NTQwNjhhZSJ9
eyJpdiI6ImdYU1htMVh5blBTNUhsRnJhR0tZRlE9PSIsInZhbHVlIjoiaHRXMmdiZnRKRStwZFNhRXIzekh2Z3JpdjFmbzcwY3FXR3pCOUQwcVBDNkdCSXpERmlsT1ZGNVAzT1BhVnRpd1FaU0cwNis5Q3RMSG9SNTJYbnlMWDM0ZTF2Z2NHS2Q0bE90Nzlyb0JhNDZET1wvZldEbldpWDV4VnI5ZkVuazVyIiwibWFjIjoiYjYwY2U2OGNmY2MzMjhiZjk2ZjIwMWE0MDIzYjg3OWU2MmQ5MzBkMDIxYzRiMGQwMjYzZTc5MzQ0MGMzNWI0NCJ9
eyJpdiI6ImFmdEdzQjBSK3lvQmxyeDg1XC9JZ09BPT0iLCJ2YWx1ZSI6IlI5bGNvbUF1MTFkRHRBVitzb01tUG9NbDhIdEtBNzJQQ0k3YkhIbEZPSE9WcVkzQmxJclVYcmdlQ2ROMTRvRGVydVU4M3V4N2Q1V3RCUzg3NWhidk55eGIzY09BdlZoUXpaQkcxNHFTXC9IXC9seVNNc3lRSHhEM05JSHVpSjNxNmciLCJtYWMiOiJmODM0YmFjMjM0YTY5YWYyZmQzOTIyODk0MzE3YmY2YWQ5ZDQ4NzY5ZWRjZjk3MzViYTIwNTEzNjI4NDRhZWUyIn0=
eyJpdiI6ImJKR1J3bDhCb1Q0RU1Tclozck1aNGc9PSIsInZhbHVlIjoibk1TTG16cFlsWWdnSlQybm11aVZGb3k5djJIc05aeHpcL1lVcktWVW1uMjdyOEw1SFVWV2ZEZTlrSUxwQUF6YjArNFNJS3JTM2RKMFZVQzdqSzhZNlkrVko3XC9UM09FQ2k0RWJsR2ZqVTFVS0ltMHpCNHlBVWV4a0ZQelcrSWlSSyIsIm1hYyI6Ijc4OTU0OGNhYTg0ZTViM2ZkNTQ1YTIyZTNhMzJhYmQxOWRlY2I4MGM3ZWQ5ZjI2NjBlZmE1MjA5NWFiNzAwNTcifQ==
eyJpdiI6ImlrRUN2WG1zaXpSMEJmbTBDVTNYTXc9PSIsInZhbHVlIjoiTWV1VVdrcGswOFwvSk1KYitRK0ZVVkNNSnVrUzZ1U1NiUlwvTzlrT0VlWVV6elNIMTZHdWhHaldNMWw1ek5FcUJjVGFHWlhJeDUyNk92TTNKXC9qRStCSENjN0RtRGsyZGJzaHFNcUZaMG9UNjJ3UU5Ua1ZWVUFIT2JCNUJEbVk4MGIiLCJtYWMiOiIwYWE5NTU2NGY4ZGI4MTIxOTliMThlMWNiZWJiOWQ1YmZlMjNiOTI1MTk0ZjEwYjViMGEzNTdkZmQ1NjE4MDYxIn0=
eyJpdiI6ImMwTXJ0MzZzSTBpeTR4d1hVeTVJRkE9PSIsInZhbHVlIjoidGxyUlwvUUttTWd0elBvdUU5RHNVNk50cFJhdWF1UlhvXC9OTjlLWnZBUDRFbVdwd0NSelg4RnFSbzFBWTZjR1JkeDRXUEtOdHh2RUw0SlFlcUFwMFVwRzdNVU43Uzk4UVFSUlNTKytSbjVRUlwvSVJmN3Arc3B0VjBLR2plNE5PUm4iLCJtYWMiOiIxYTBmYmM0YTExMjc2YzczNzEzNzg3ODZmNDFiM2ViYzMyOGIwNDRlNTFkYTc0ZTE1OTdmZGFlN2U1NjZlOWVkIn0=
eyJpdiI6ImZGN01rSFFtdWxxUTkwMmJuUkhrOVE9PSIsInZhbHVlIjoiVmp0c1lXUmFQZUhqejdoTkZCeWNjUVNLXC9mN29sb25zbkVJMlp0b2NlNElidk90XC9QTUVcL1prWXROSnc0RnZoZzVIVGlFNGo1QTZnREwxRTg3WjdWc092VEoyOE02aUtXXC9rNXNOanE2RVR5bDQxT01zNWh2OWdcLzZCeTlpZ1RrZUoxS1hHU2VvXC9kQ1hKcjg3ZTdQaGUwQmJSN25vVEpBV1FaOGs0ZG0wK0J5NVpaa2xSVm90NjdrZ2JWeUk5cjZ4IiwibWFjIjoiNDM1NTk2ZjA2NGQ3ZTI0M2YwNzg2OWI1NGRkM2M2ZTNiOTFlNzIwZGNmZDc4YWFkMDNkZWMwYmE5MzdkOWEwZiJ9
eyJpdiI6InBISVVNZXNDbkpHUWo4bnJMNmxVcFE9PSIsInZhbHVlIjoiWUhMbktQd2hDbVEyVG1ienpkR3dFNVozWmxwSjRZSGhQbHpkZTBsYnJFSXhpUzBtTWRSUXlZemdJVG9Mb1h3b01yNjl0XC9DdEFNYzJoVWJ2ODBldXU4bmxYajlITW5iUVdBVzdVaGFXK1BuakZ5dUFLd3pvaW9nQkJuckh3dWRrIiwibWFjIjoiMmJjYmViOTVmNmY1YmUyNWY3MzYyOThkODBjZmYwNTRmZWJjZGQwNDJmMDdhYzViMGQ5ZGE2ZjFmNWUxZmZmMSJ9
eyJpdiI6InFuQWp2MFRmREp0UG9cL1IwXC9OTFZKdz09IiwidmFsdWUiOiJ1ZEpraFowY05aNHlYQ1wvVThXMkxsbTM3ek5MeVBrRXUzTHE0SERaZmdoXC9qbmZsV0toSWR1SmxUWkdVa0hQZEFKZDlXQ0xWSjRCOTlWNmJkZGpjS2FoNWtocWxKZWxKWVluNUtHSUR5bWRjZGlPOTJveDkrelQya3kzc3B1VnB6IiwibWFjIjoiZmFlYjJkMzM0OWZhYzA3NTYwMDNmZjJlYWMxYjZiOTkzY2QxMTVkZDgzZWU4NzQyMjg4MTBkM2E5MzIyMTk2OCJ9
eyJpdiI6InIwaFVXdjA4MG9MazNRZjdSMmtJUmc9PSIsInZhbHVlIjoiNEFMRHJ3WFJuZlk2dnpZQk8wd01cL1paK2J5TFRrNXhcL3lmKzhtVnhNdkhUK1p1aHNubHdxS1Y2bUFsQldFcVVCajBaalRrU0VyUDVNWWtOTm1nQk9BNkVcL2prd21ZSWNRTnJZb29WXC9GZkZMM0JkT2QxNFwvdkx4VEZKRGp5Z1p1ayIsIm1hYyI6IjM2MDgwYjFjZWYzOWM3OThjYjM1YjI0MzZkM2E5ZTBhYzFmOTc0YjRlOGM0MDcxMGY0NjgzMTNhNmNjOTEyZTcifQ==
eyJpdiI6InM0YjJWWXlPWmJLK0twVXYzWkQ4YUE9PSIsInZhbHVlIjoiZUdQcDQ5WjNlMmpKWWorc0EwUTVaUUx3VHJQbytcL3FZUWJsbklxM2FMTkV2blNFS0tTa3M5VWFvZUVrWUlETEtRKzRyNVB3eTFzM1RnSytMZm9uNWNYNjdRUWZaeTNEVVlMd01sY0NFODVkMDVnbW14YWE5R3gyb05BNStkUFV1IiwibWFjIjoiMGE0NjVhYjczOGJmNTZiOGFmZjMzMzMyMzM2ZjJhMGViMmNkMWUwZWQxMDdjYTlmNjFhNTExNzZjZjExMzlmMSJ9
eyJpdiI6InNyYnV1ZVJodVRIY3VOTlNvR0toWmc9PSIsInZhbHVlIjoiSzNYdjhhYzN2STBOXC9HUW00MUVBN1g4TldLdElwd0l2VGpCYlk4OHdCS2F3ZGJySzZUU3F5Nng5bFlTZXl0RTFFTzVYMDUyZFdManozdG83NnNzWHpQaTVVVGlXV2lYQm9NUStteDgwcWJ5UGxpRkYxc0RhaE94UThFZ3Ztb1BKIiwibWFjIjoiN2QwZGVjODAyZWI1YmM0MmYwMjI5NjYzNTc3MzZiMjlmOTUyZjJlNzE2NjNkOWFkNGE4ZGIwMzBhZmYwOGQzNiJ9
eyJpdiI6InpFZ1hqTDFTQndsN0U0WnNGalkwNHc9PSIsInZhbHVlIjoiYjhcL1psYkk3Y3JHazNVXC9Rb2tadkRaelduSkxkTnFTSkdGbktSTXVuK0ZyQkIwUWlcL1NkcGI1NWJZaGlSaE9TZ3BkRXZhR0VqemJZanJoSFZ6U1RPNGNlV1pValNaMnYzU1p0OFl1QWZJRSttWFhHZWpMc3FXRVR5aGdKNGNrNzQiLCJtYWMiOiJmMmIyY2RiZDYwZDUyZjNiMTdkYjZhMzU2MzYwMmY3NzI0NmMwYzI0MWIxYzgwNDkzZTIxOTE3ZjVkZWJkZGZmIn0=
eyJpdiI6InpPZ0pzTWpFbHZ0QVhSNGxwRXpUd2c9PSIsInZhbHVlIjoiSHQ0cWYzakVUTFwvTFYyajdzakczM3kwTWYxOGVwbm1BTDdXeWYwT1wvRVE2U0hCT3d3ZzM4WTk4aTAzbGZaZDFvZ0RRVU91dllSMDJIQVVkR2lGWjdcL1ArWTVlejBtRmU1TDdlM0JTKzFtaEszSXNYaUxXSFVxbnMxa0RoXC9qNWpOIiwibWFjIjoiNTE5NGU2YWU4MmUwMDNlMDdkNjliYzgwMDUwNjcyOTIzNDYyZWZlMjY1MjNkNWEyYWM4MmIxMGRlYWFlOGEzMCJ9
eyJpdiI6InVQbGQ0dTBcL1BIVk42emZ4MmVTMGJnPT0iLCJ2YWx1ZSI6Im1PRVwvd1wvdldcL2dpbFNBM2Z1WGVOVXZ1RUJlejI0ZmhBdjM2NU83XC9SUGhDbitTOGtEVG53Q1J4ampmRmhkOVdXTFVpNGs4elpPdjRzekNKcjJSQmU4cXVJbHFMbWxCdmRoSXlaNmd5UlwvYUFuQnNJbkhGMFJIbWJHY1kzWjhET0ciLCJtYWMiOiI3OTZhODRmNDVlOWY1ZmMyYjhlODc1OTk1NDExMTdmMDg4ODQxNzg3ZDExYjkxMzQ3MjdmNWE1MjgyYmNhYzA2In0=
eyJpdiI6InVVeXVvdVBTblFwM1h2NWRnOVBTemc9PSIsInZhbHVlIjoiSlJPN3d3OXZqd2l5M1JZUFI3WHFGXC9WRkd6cWFUSW03dkZ6NFhWRjg3NjRoXC9hRU5iZjlxUUFLeEwxNW5Zd3NSdEpDZDJxZjc4NjBSdkgrTEk2T3pUc2RmdUVqYmErTEhmS1Ixb0tDQWVLVmNIbk1BWkFcL1hWZEVBclBVek5cL1FyIiwibWFjIjoiN2RiMGQ4NWZiYzgyYTg0Zjc0Y2VjNzU4NDlkZDMwMDMwNDY3YTMxYjE5YzliYTA2MzllZTY5MWE5N2RmMDgyNiJ9
face
fantastic
fantasy
farm
file
filtracio
filtracion
financial
financiero
fire
flour
food
foreign
forensic
foros
fraud
fraude
fries
fruit
ftp
fuga
gangster
gas
Gate
gems
generador
generator
ghost
glasses
goal
gobierno
google
gore
government
guest
guide
guns
hack
hacker
hair
halloween
head
heart
herramien
hidden
hide
hoax
hole
horror
house
HSBC
human
hustler
ice
identidad
identity
illuminaty
industrial
innocent
insane
inteligen
intellige
investiga
investment
jalisco
job
joke
key
kids
>k</span><span style=color:#ff5f00
labor
ladies
lamb
leak
leaks
life
light
link
links
linux
liver
local
log
login
love
mail
malware
market
maxim
meat
mega
meme
mens
menu
message
meta
mexican
Mexico
microsoft
military
milk
mining
missing
mitre
mobile
money
monster
motorcycle
movie
mule
murder
nails
narco
neo4j
network
nfl
nintendo
nude
Obrador
oil
onlyfans
operator
orange
ordenador
organ
oxygen
park
part
party
pasaporte
passport
password
pay
perl
persona
philosophy of religion
phishing
pills
plane
playboy
playground
playstati
pokemon
politic
politica
politics
Politics
pos
power
powershell
price
pumpkin
python
r Tessa. Papierhelden. Jungs sind keine Regenschirme (6 адапт. аудиокниг) [2009, PDF+FLAC, DEU] · 144ca0a293a57e6a287b7bbdb9f1ce7d6f8072df
rabbit
ransom
ransomware
rat
religion
remote
rencier 2012. Il est le cr&eacute
research
retail
rock
room
/rotochan/&gt
sabana
saint
Salinas
salt
samurai
Santander
sauce
scarecrow
scary
school
science
script
search
secret
security
sega
serie
series
service
services
shampoo
ship
shoot
SIM
skin
skull
slave
sms
snipe
snow
soap
soccer
soda
soft
software
song
spain
spanish
split
spooky
spy
ssh
stack
stadium
stars
stone
stories
stranger
student
submarine
subway
sugar
sun
super
t
T | RelateList
table
tactic
tages! Nous avons ajout&eacute
target
tarjetas
tea
teddy
telegram
terminal
terror
terrorista
things
threat
token
tons
tool
tools
toy
toys
trade
traffic
train
translate
trash
trick
trojan
ttp
TTP
tv
twitter
u=516
uid=135
uid=368
US
user
username
vaccines
video
videogame
virtual
virus
volcano
vote
vpn
vuln
vulnerabi
walking
wallet
war
watch
water
web
whatsapp
whole
windows
wine
wolf
xbox
xmas
zeroday
